29 54 57
46 1 43
45 61 51
69 45 53
35 69 49
25 40 69
24 53 40
65 53 15
65 68 75
78 71 29
42 78 65
75 44 78
31 58 75
61 38 31
60 77 52
61 60 74
44 59 60
11 62 44
24 50 62
68 55 24
52 68 47
53 12 52
36 60 53
41 64 48
73 41 56
61 36 73
80 48 61
78 13 80
46 78 2
18 46 6
29 63 18
16 73 29
42 61 16
17 47 42
57 38 17
19 57 21
79 11 57
3 79 32
10 77 3
10 76 22
70 3 76
28 47 3
56 19 28
27 51 56
51 14 67
30 63 14
44 6 30
75 36 44
13 75 20
11 51 13
35 63 11
17 24 35
42 28 17
26 49 42
5 41 26
11 50 5
29 13 11
26 36 29
4 12 26
31 1 12
35 3 31
35 34 72
69 9 34
2 39 69
5 28 2
48 55 5
18 22 48
7 64 18
23 71 7
3 6 23
19 8 3
20 45 19
9 20 33
5 16 9
1 3 5
0
