7 6 9
7 8 5
1 4 7
2 5 4
3 6 5
1 2 3
0.000000
