7 6 3
6 8 7
3 5 6
2 4 3
3 1 4
1 2 3
0.0009999275207519531
