3 9 4
5 9 6
7 9 8
1 9 2
0.0010008811950683594
