45 20 33
6 46 78
60 77 52
59 44 62
61 51 27
42 61 48
36 60 74
59 60 61
15 53 60
24 55 68
17 24 53
17 28 47
17 38 31
42 47 17
19 28 42
57 19 56
54 57 21
63 29 54
6 30 63
78 44 6
51 13 78
51 14 67
11 63 14
18 63 35
18 22 76
55 48 22
50 5 55
11 62 50
38 57 11
45 61 38
12 53 45
52 12 4
47 68 52
77 3 47
76 10 77
31 3 76
58 31 1
13 75 58
71 29 13
2 78 71
42 78 65
26 49 42
45 69 49
8 19 45
70 3 8
23 6 3
7 71 23
18 64 7
1 46 18
12 1 43
41 26 12
44 36 26
20 75 44
69 9 20
25 40 69
65 53 40
75 68 65
29 36 75
36 73 29
16 61 36
28 5 16
39 2 28
35 69 39
50 24 35
51 11 50
41 56 51
3 5 41
32 79 3
13 11 79
48 80 13
41 64 48
16 73 41
34 9 16
35 34 72
1 3 35
0.0010030269622802734
