5 10 8
8 9 10
10 4 8
3 10 1
2 8 3
9 7 8
7 5 9
9 2 7
7 1 9
4 6 7
3 5 4
2 6 3
1 5 2
3 4 1
1 2 3
0.0
